
> fit-proof@0.1.0 build
> tsc -b && vite build

src/hooks/useProfile.ts(47,9): error TS2554: Expected 1 arguments, but got 0.
