docker : service "app" is not running
At line:1 char:1
+ docker compose exec -T app npx tsc --noEmit > tsc_output.txt 2>&1
+ ~~~~~~~~~~~~~~~~~~~~~~~~~~~~~~~~~~~~~~~~~~~~~~~~~~~~~~~~~~~~~~~~~
    + CategoryInfo          : NotSpecified: (service "app" is not running:String) [], RemoteException
    + FullyQualifiedErrorId : NativeCommandError
 
